// Jest Snapshot v1, https://goo.gl/fbAQLP

exports[`renders learn react link 1`] = `
<input
  placeholder="text"
/>
`;

exports[`test app awdawd 1`] = `
<input
  placeholder="text"
/>
`;

exports[`test app renders learn react link 1`] = `
<input
  placeholder="text"
/>
`;

exports[`test app renders learn react link 2`] = `
<input
  placeholder="text"
/>
`;
